// Jest Snapshot v1, https://goo.gl/fbAQLP

exports[`OnboardingScreen matches the locked layout snapshot 1`] = `
<View
  style={
    [
      {
        "backgroundColor": "#07080A",
        "flex": 1,
      },
      {
        "paddingTop": 0,
      },
    ]
  }
>
  <View
    style={
      {
        "alignItems": "center",
        "flexDirection": "row",
        "justifyContent": "space-between",
        "paddingHorizontal": 20,
        "paddingVertical": 16,
      }
    }
  >
    <Text
      style={
        {
          "color": "#F7F9FC",
          "fontSize": 20,
          "fontWeight": "600",
          "letterSpacing": -0.2,
          "lineHeight": 26,
        }
      }
    >
      FieldEdge
    </Text>
    <Pressable
      accessibilityRole="button"
      hitSlop={12}
      onPress={[Function]}
      onPressIn={[Function]}
      onPressOut={[Function]}
    >
      <Animated.View
        style={
          [
            undefined,
            {
              "transform": [
                {
                  "scale": {
                    "_v": 1,
                    "value": 1,
                  },
                },
              ],
            },
          ]
        }
      >
        <Text
          style={
            {
              "color": "#677289",
              "fontSize": 15,
              "fontWeight": "600",
              "lineHeight": 22,
            }
          }
        >
          Skip
        </Text>
      </Animated.View>
    </Pressable>
  </View>
  <Animated.ScrollView
    horizontal={true}
    onScroll={[Function]}
    pagingEnabled={true}
    scrollEventThrottle={16}
    showsHorizontalScrollIndicator={false}
    style={
      {
        "flex": 1,
      }
    }
  >
    <View
      style={
        [
          {
            "paddingHorizontal": 24,
            "paddingTop": 24,
          },
          {
            "width": 360,
          },
        ]
      }
    >
      <View
        style={
          {
            "alignItems": "center",
            "height": 200,
            "justifyContent": "center",
            "marginBottom": 24,
          }
        }
      >
        <View
          style={
            {
              "alignItems": "center",
              "height": 160,
              "justifyContent": "center",
              "width": 160,
            }
          }
        >
          <View
            style={
              [
                {
                  "alignItems": "center",
                  "backgroundColor": "#12151B",
                  "borderColor": "#22272F",
                  "borderRadius": 9999,
                  "borderWidth": 1,
                  "height": 96,
                  "justifyContent": "center",
                  "position": "absolute",
                  "width": 96,
                },
                {
                  "transform": [
                    {
                      "translateX": 24,
                    },
                    {
                      "translateY": 8,
                    },
                  ],
                },
              ]
            }
          >
            <Svg
              accessibilityLabel="Sparkles"
              fill="none"
              height={24}
              stroke="#6366F1"
              strokeLinecap="round"
              strokeLinejoin="round"
              strokeWidth={2}
              viewBox="0 0 24 24"
              width={24}
            >
              <Path
                d="M12 3l1.9 5.8a2 2 0 0 0 1.3 1.3L21 12l-5.8 1.9a2 2 0 0 0-1.3 1.3L12 21l-1.9-5.8a2 2 0 0 0-1.3-1.3L3 12l5.8-1.9a2 2 0 0 0 1.3-1.3z"
                stroke="#6366F1"
                strokeWidth={2}
              />
              <Path
                d="M5 3v4"
                stroke="#6366F1"
                strokeWidth={2}
              />
              <Path
                d="M19 17v4"
                stroke="#6366F1"
                strokeWidth={2}
              />
              <Path
                d="M3 5h4"
                stroke="#6366F1"
                strokeWidth={2}
              />
              <Path
                d="M17 19h4"
                stroke="#6366F1"
                strokeWidth={2}
              />
            </Svg>
          </View>
          <View
            style={
              [
                {
                  "alignItems": "center",
                  "backgroundColor": "#12151B",
                  "borderColor": "#22272F",
                  "borderRadius": 9999,
                  "borderWidth": 1,
                  "height": 96,
                  "justifyContent": "center",
                  "position": "absolute",
                  "width": 96,
                },
                {
                  "transform": [
                    {
                      "translateX": 0,
                    },
                    {
                      "translateY": 0,
                    },
                  ],
                },
              ]
            }
          >
            <Svg
              accessibilityLabel="Aperture"
              fill="none"
              height={24}
              stroke="#6366F1"
              strokeLinecap="round"
              strokeLinejoin="round"
              strokeWidth={2}
              viewBox="0 0 24 24"
              width={24}
            >
              <Circle
                cx={12}
                cy={12}
                r={10}
                stroke="#6366F1"
                strokeWidth={2}
              />
              <Line
                stroke="#6366F1"
                strokeWidth={2}
                x1={14.31}
                x2={20.05}
                y1={8}
                y2={17.94}
              />
              <Line
                stroke="#6366F1"
                strokeWidth={2}
                x1={9.69}
                x2={21.17}
                y1={8}
                y2={8}
              />
              <Line
                stroke="#6366F1"
                strokeWidth={2}
                x1={7.38}
                x2={13.12}
                y1={12}
                y2={2.06}
              />
              <Line
                stroke="#6366F1"
                strokeWidth={2}
                x1={9.69}
                x2={3.95}
                y1={16}
                y2={6.06}
              />
              <Line
                stroke="#6366F1"
                strokeWidth={2}
                x1={14.31}
                x2={2.83}
                y1={16}
                y2={16}
              />
              <Line
                stroke="#6366F1"
                strokeWidth={2}
                x1={16.62}
                x2={10.88}
                y1={12}
                y2={21.94}
              />
            </Svg>
          </View>
          <View
            style={
              [
                {
                  "alignItems": "center",
                  "backgroundColor": "#12151B",
                  "borderColor": "#22272F",
                  "borderRadius": 9999,
                  "borderWidth": 1,
                  "height": 96,
                  "justifyContent": "center",
                  "position": "absolute",
                  "width": 96,
                },
                {
                  "transform": [
                    {
                      "translateX": 48,
                    },
                    {
                      "translateY": 16,
                    },
                  ],
                },
              ]
            }
          >
            <Svg
              accessibilityLabel="Database"
              fill="none"
              height={24}
              stroke="#6366F1"
              strokeLinecap="round"
              strokeLinejoin="round"
              strokeWidth={2}
              viewBox="0 0 24 24"
              width={24}
            >
              <Ellipse
                cx={12}
                cy={5}
                rx={9}
                ry={3}
                stroke="#6366F1"
                strokeWidth={2}
              />
              <Path
                d="M3 5v14a9 3 0 0 0 18 0V5"
                stroke="#6366F1"
                strokeWidth={2}
              />
              <Path
                d="M3 12a9 3 0 0 0 18 0"
                stroke="#6366F1"
                strokeWidth={2}
              />
            </Svg>
          </View>
        </View>
      </View>
      <Text
        style={
          {
            "color": "#F7F9FC",
            "fontSize": 32,
            "fontWeight": "700",
            "letterSpacing": -0.6,
            "lineHeight": 38,
            "marginBottom": 12,
          }
        }
      >
        Field intelligence, in your pocket
      </Text>
      <Text
        style={
          {
            "color": "#B4BCCC",
            "fontSize": 15,
            "fontWeight": "400",
            "lineHeight": 22,
            "marginBottom": 24,
          }
        }
      >
        Take photos in the field. AI-powered semantic search across every frame. Sync to the cloud when you are ready.
      </Text>
      <ScrollView
        contentContainerStyle={
          {
            "gap": 12,
            "paddingRight": 24,
          }
        }
        horizontal={true}
        showsHorizontalScrollIndicator={false}
      >
        <View
          style={
            {
              "alignItems": "center",
              "backgroundColor": "#12151B",
              "borderColor": "#22272F",
              "borderRadius": 10,
              "borderWidth": 1,
              "gap": 8,
              "marginRight": 8,
              "paddingHorizontal": 12,
              "paddingVertical": 12,
              "width": 96,
            }
          }
        >
          <View
            style={
              {
                "alignItems": "center",
                "backgroundColor": "rgba(99,102,241,0.16)",
                "borderRadius": 9999,
                "height": 40,
                "justifyContent": "center",
                "width": 40,
              }
            }
          >
            <Svg
              accessibilityLabel="Aperture"
              fill="none"
              height={20}
              stroke="#6366F1"
              strokeLinecap="round"
              strokeLinejoin="round"
              strokeWidth={2}
              viewBox="0 0 24 24"
              width={20}
            >
              <Circle
                cx={12}
                cy={12}
                r={10}
                stroke="#6366F1"
                strokeWidth={2}
              />
              <Line
                stroke="#6366F1"
                strokeWidth={2}
                x1={14.31}
                x2={20.05}
                y1={8}
                y2={17.94}
              />
              <Line
                stroke="#6366F1"
                strokeWidth={2}
                x1={9.69}
                x2={21.17}
                y1={8}
                y2={8}
              />
              <Line
                stroke="#6366F1"
                strokeWidth={2}
                x1={7.38}
                x2={13.12}
                y1={12}
                y2={2.06}
              />
              <Line
                stroke="#6366F1"
                strokeWidth={2}
                x1={9.69}
                x2={3.95}
                y1={16}
                y2={6.06}
              />
              <Line
                stroke="#6366F1"
                strokeWidth={2}
                x1={14.31}
                x2={2.83}
                y1={16}
                y2={16}
              />
              <Line
                stroke="#6366F1"
                strokeWidth={2}
                x1={16.62}
                x2={10.88}
                y1={12}
                y2={21.94}
              />
            </Svg>
          </View>
          <Text
            style={
              {
                "color": "#F7F9FC",
                "fontSize": 13,
                "fontWeight": "600",
                "lineHeight": 18,
              }
            }
          >
            Capture
          </Text>
        </View>
        <View
          style={
            {
              "alignItems": "center",
              "backgroundColor": "#12151B",
              "borderColor": "#22272F",
              "borderRadius": 10,
              "borderWidth": 1,
              "gap": 8,
              "marginRight": 8,
              "paddingHorizontal": 12,
              "paddingVertical": 12,
              "width": 96,
            }
          }
        >
          <View
            style={
              {
                "alignItems": "center",
                "backgroundColor": "rgba(99,102,241,0.16)",
                "borderRadius": 9999,
                "height": 40,
                "justifyContent": "center",
                "width": 40,
              }
            }
          >
            <Svg
              accessibilityLabel="Sparkles"
              fill="none"
              height={20}
              stroke="#6366F1"
              strokeLinecap="round"
              strokeLinejoin="round"
              strokeWidth={2}
              viewBox="0 0 24 24"
              width={20}
            >
              <Path
                d="M12 3l1.9 5.8a2 2 0 0 0 1.3 1.3L21 12l-5.8 1.9a2 2 0 0 0-1.3 1.3L12 21l-1.9-5.8a2 2 0 0 0-1.3-1.3L3 12l5.8-1.9a2 2 0 0 0 1.3-1.3z"
                stroke="#6366F1"
                strokeWidth={2}
              />
              <Path
                d="M5 3v4"
                stroke="#6366F1"
                strokeWidth={2}
              />
              <Path
                d="M19 17v4"
                stroke="#6366F1"
                strokeWidth={2}
              />
              <Path
                d="M3 5h4"
                stroke="#6366F1"
                strokeWidth={2}
              />
              <Path
                d="M17 19h4"
                stroke="#6366F1"
                strokeWidth={2}
              />
            </Svg>
          </View>
          <Text
            style={
              {
                "color": "#F7F9FC",
                "fontSize": 13,
                "fontWeight": "600",
                "lineHeight": 18,
              }
            }
          >
            Embed
          </Text>
        </View>
        <View
          style={
            {
              "alignItems": "center",
              "backgroundColor": "#12151B",
              "borderColor": "#22272F",
              "borderRadius": 10,
              "borderWidth": 1,
              "gap": 8,
              "marginRight": 8,
              "paddingHorizontal": 12,
              "paddingVertical": 12,
              "width": 96,
            }
          }
        >
          <View
            style={
              {
                "alignItems": "center",
                "backgroundColor": "rgba(99,102,241,0.16)",
                "borderRadius": 9999,
                "height": 40,
                "justifyContent": "center",
                "width": 40,
              }
            }
          >
            <Svg
              accessibilityLabel="Database"
              fill="none"
              height={20}
              stroke="#6366F1"
              strokeLinecap="round"
              strokeLinejoin="round"
              strokeWidth={2}
              viewBox="0 0 24 24"
              width={20}
            >
              <Ellipse
                cx={12}
                cy={5}
                rx={9}
                ry={3}
                stroke="#6366F1"
                strokeWidth={2}
              />
              <Path
                d="M3 5v14a9 3 0 0 0 18 0V5"
                stroke="#6366F1"
                strokeWidth={2}
              />
              <Path
                d="M3 12a9 3 0 0 0 18 0"
                stroke="#6366F1"
                strokeWidth={2}
              />
            </Svg>
          </View>
          <Text
            style={
              {
                "color": "#F7F9FC",
                "fontSize": 13,
                "fontWeight": "600",
                "lineHeight": 18,
              }
            }
          >
            Store
          </Text>
        </View>
        <View
          style={
            {
              "alignItems": "center",
              "backgroundColor": "#12151B",
              "borderColor": "#22272F",
              "borderRadius": 10,
              "borderWidth": 1,
              "gap": 8,
              "marginRight": 8,
              "paddingHorizontal": 12,
              "paddingVertical": 12,
              "width": 96,
            }
          }
        >
          <View
            style={
              {
                "alignItems": "center",
                "backgroundColor": "rgba(99,102,241,0.16)",
                "borderRadius": 9999,
                "height": 40,
                "justifyContent": "center",
                "width": 40,
              }
            }
          >
            <Svg
              accessibilityLabel="Upload"
              fill="none"
              height={20}
              stroke="#6366F1"
              strokeLinecap="round"
              strokeLinejoin="round"
              strokeWidth={2}
              viewBox="0 0 24 24"
              width={20}
            >
              <Path
                d="M21 15v4a2 2 0 0 1-2 2H5a2 2 0 0 1-2-2v-4"
                stroke="#6366F1"
                strokeWidth={2}
              />
              <Polyline
                points="17 8 12 3 7 8"
                stroke="#6366F1"
                strokeWidth={2}
              />
              <Line
                stroke="#6366F1"
                strokeWidth={2}
                x1={12}
                x2={12}
                y1={3}
                y2={15}
              />
            </Svg>
          </View>
          <Text
            style={
              {
                "color": "#F7F9FC",
                "fontSize": 13,
                "fontWeight": "600",
                "lineHeight": 18,
              }
            }
          >
            Sync
          </Text>
        </View>
      </ScrollView>
    </View>
    <View
      style={
        [
          {
            "paddingHorizontal": 24,
            "paddingTop": 24,
          },
          {
            "width": 360,
          },
        ]
      }
    >
      <View
        style={
          {
            "alignItems": "center",
            "height": 200,
            "justifyContent": "center",
            "marginBottom": 24,
          }
        }
      >
        <View
          style={
            {
              "alignItems": "center",
              "justifyContent": "center",
            }
          }
        >
          <View
            style={
              [
                {
                  "alignItems": "center",
                  "backgroundColor": "#12151B",
                  "borderColor": "#22272F",
                  "borderRadius": 9999,
                  "borderWidth": 1,
                  "height": 96,
                  "justifyContent": "center",
                  "position": "absolute",
                  "width": 96,
                },
                {
                  "height": 128,
                  "left": 0,
                  "marginLeft": 0,
                  "position": "relative",
                  "top": 0,
                  "width": 128,
                },
              ]
            }
          >
            <Svg
              accessibilityLabel="Sparkles"
              fill="none"
              height={32}
              stroke="#6366F1"
              strokeLinecap="round"
              strokeLinejoin="round"
              strokeWidth={1.5}
              viewBox="0 0 24 24"
              width={32}
            >
              <Path
                d="M12 3l1.9 5.8a2 2 0 0 0 1.3 1.3L21 12l-5.8 1.9a2 2 0 0 0-1.3 1.3L12 21l-1.9-5.8a2 2 0 0 0-1.3-1.3L3 12l5.8-1.9a2 2 0 0 0 1.3-1.3z"
                stroke="#6366F1"
                strokeWidth={1.5}
              />
              <Path
                d="M5 3v4"
                stroke="#6366F1"
                strokeWidth={1.5}
              />
              <Path
                d="M19 17v4"
                stroke="#6366F1"
                strokeWidth={1.5}
              />
              <Path
                d="M3 5h4"
                stroke="#6366F1"
                strokeWidth={1.5}
              />
              <Path
                d="M17 19h4"
                stroke="#6366F1"
                strokeWidth={1.5}
              />
            </Svg>
          </View>
        </View>
      </View>
      <Text
        style={
          {
            "color": "#F7F9FC",
            "fontSize": 32,
            "fontWeight": "700",
            "letterSpacing": -0.6,
            "lineHeight": 38,
            "marginBottom": 12,
          }
        }
      >
        How it works
      </Text>
      <Text
        style={
          {
            "color": "#B4BCCC",
            "fontSize": 15,
            "fontWeight": "400",
            "lineHeight": 22,
            "marginBottom": 24,
          }
        }
      >
        Every photo is processed locally on your device. Nothing leaves until you tap Sync.
      </Text>
      <View
        style={
          {
            "gap": 12,
          }
        }
      >
        <View
          style={
            {
              "alignItems": "center",
              "backgroundColor": "#12151B",
              "borderColor": "#22272F",
              "borderRadius": 10,
              "borderWidth": 1,
              "flexDirection": "row",
              "gap": 12,
              "paddingHorizontal": 16,
              "paddingVertical": 12,
            }
          }
        >
          <View
            style={
              {
                "alignItems": "center",
                "backgroundColor": "rgba(99,102,241,0.16)",
                "borderRadius": 10,
                "height": 32,
                "justifyContent": "center",
                "width": 32,
              }
            }
          >
            <Svg
              accessibilityLabel="Sparkles"
              fill="none"
              height={16}
              stroke="#6366F1"
              strokeLinecap="round"
              strokeLinejoin="round"
              strokeWidth={2}
              viewBox="0 0 24 24"
              width={16}
            >
              <Path
                d="M12 3l1.9 5.8a2 2 0 0 0 1.3 1.3L21 12l-5.8 1.9a2 2 0 0 0-1.3 1.3L12 21l-1.9-5.8a2 2 0 0 0-1.3-1.3L3 12l5.8-1.9a2 2 0 0 0 1.3-1.3z"
                stroke="#6366F1"
                strokeWidth={2}
              />
              <Path
                d="M5 3v4"
                stroke="#6366F1"
                strokeWidth={2}
              />
              <Path
                d="M19 17v4"
                stroke="#6366F1"
                strokeWidth={2}
              />
              <Path
                d="M3 5h4"
                stroke="#6366F1"
                strokeWidth={2}
              />
              <Path
                d="M17 19h4"
                stroke="#6366F1"
                strokeWidth={2}
              />
            </Svg>
          </View>
          <Text
            style={
              {
                "color": "#F7F9FC",
                "flex": 1,
                "fontSize": 15,
                "fontWeight": "400",
                "lineHeight": 22,
              }
            }
          >
            On-device AI — no cloud round-trip
          </Text>
        </View>
        <View
          style={
            {
              "alignItems": "center",
              "backgroundColor": "#12151B",
              "borderColor": "#22272F",
              "borderRadius": 10,
              "borderWidth": 1,
              "flexDirection": "row",
              "gap": 12,
              "paddingHorizontal": 16,
              "paddingVertical": 12,
            }
          }
        >
          <View
            style={
              {
                "alignItems": "center",
                "backgroundColor": "rgba(99,102,241,0.16)",
                "borderRadius": 10,
                "height": 32,
                "justifyContent": "center",
                "width": 32,
              }
            }
          >
            <Svg
              accessibilityLabel="Lock"
              fill="none"
              height={16}
              stroke="#6366F1"
              strokeLinecap="round"
              strokeLinejoin="round"
              strokeWidth={2}
              viewBox="0 0 24 24"
              width={16}
            >
              <Rect
                height={11}
                rx={2}
                stroke="#6366F1"
                strokeWidth={2}
                width={18}
                x={3}
                y={11}
              />
              <Path
                d="M7 11V7a5 5 0 0 1 10 0v4"
                stroke="#6366F1"
                strokeWidth={2}
              />
            </Svg>
          </View>
          <Text
            style={
              {
                "color": "#F7F9FC",
                "flex": 1,
                "fontSize": 15,
                "fontWeight": "400",
                "lineHeight": 22,
              }
            }
          >
            Encrypted at rest via Android Keystore
          </Text>
        </View>
        <View
          style={
            {
              "alignItems": "center",
              "backgroundColor": "#12151B",
              "borderColor": "#22272F",
              "borderRadius": 10,
              "borderWidth": 1,
              "flexDirection": "row",
              "gap": 12,
              "paddingHorizontal": 16,
              "paddingVertical": 12,
            }
          }
        >
          <View
            style={
              {
                "alignItems": "center",
                "backgroundColor": "rgba(99,102,241,0.16)",
                "borderRadius": 10,
                "height": 32,
                "justifyContent": "center",
                "width": 32,
              }
            }
          >
            <Svg
              accessibilityLabel="Upload"
              fill="none"
              height={16}
              stroke="#6366F1"
              strokeLinecap="round"
              strokeLinejoin="round"
              strokeWidth={2}
              viewBox="0 0 24 24"
              width={16}
            >
              <Path
                d="M21 15v4a2 2 0 0 1-2 2H5a2 2 0 0 1-2-2v-4"
                stroke="#6366F1"
                strokeWidth={2}
              />
              <Polyline
                points="17 8 12 3 7 8"
                stroke="#6366F1"
                strokeWidth={2}
              />
              <Line
                stroke="#6366F1"
                strokeWidth={2}
                x1={12}
                x2={12}
                y1={3}
                y2={15}
              />
            </Svg>
          </View>
          <Text
            style={
              {
                "color": "#F7F9FC",
                "flex": 1,
                "fontSize": 15,
                "fontWeight": "400",
                "lineHeight": 22,
              }
            }
          >
            Syncs over WiFi when you ask
          </Text>
        </View>
        <View
          style={
            {
              "alignItems": "center",
              "backgroundColor": "#12151B",
              "borderColor": "#22272F",
              "borderRadius": 10,
              "borderWidth": 1,
              "flexDirection": "row",
              "gap": 12,
              "paddingHorizontal": 16,
              "paddingVertical": 12,
            }
          }
        >
          <View
            style={
              {
                "alignItems": "center",
                "backgroundColor": "rgba(99,102,241,0.16)",
                "borderRadius": 10,
                "height": 32,
                "justifyContent": "center",
                "width": 32,
              }
            }
          >
            <Svg
              accessibilityLabel="Search"
              fill="none"
              height={16}
              stroke="#6366F1"
              strokeLinecap="round"
              strokeLinejoin="round"
              strokeWidth={2}
              viewBox="0 0 24 24"
              width={16}
            >
              <Circle
                cx={11}
                cy={11}
                r={8}
                stroke="#6366F1"
                strokeWidth={2}
              />
              <Line
                stroke="#6366F1"
                strokeWidth={2}
                x1={21}
                x2={16.65}
                y1={21}
                y2={16.65}
              />
            </Svg>
          </View>
          <Text
            style={
              {
                "color": "#F7F9FC",
                "flex": 1,
                "fontSize": 15,
                "fontWeight": "400",
                "lineHeight": 22,
              }
            }
          >
            Search by meaning, not filename
          </Text>
        </View>
      </View>
    </View>
    <View
      style={
        [
          {
            "paddingHorizontal": 24,
            "paddingTop": 24,
          },
          {
            "width": 360,
          },
        ]
      }
    >
      <View
        style={
          {
            "alignItems": "center",
            "height": 200,
            "justifyContent": "center",
            "marginBottom": 24,
          }
        }
      >
        <View
          style={
            {
              "width": "100%",
            }
          }
        >
          <Pressable
            accessibilityRole="button"
            hitSlop={8}
            onPress={[Function]}
            onPressIn={[Function]}
            onPressOut={[Function]}
          >
            <Animated.View
              style={
                [
                  [Function],
                  {
                    "transform": [
                      {
                        "scale": {
                          "_v": 1,
                          "value": 1,
                        },
                      },
                    ],
                  },
                ]
              }
            >
              <View
                style={
                  {
                    "alignItems": "center",
                    "backgroundColor": "rgba(99,102,241,0.16)",
                    "borderRadius": 9999,
                    "height": 40,
                    "justifyContent": "center",
                    "width": 40,
                  }
                }
              >
                <Svg
                  accessibilityLabel="Aperture"
                  fill="none"
                  height={20}
                  stroke="#6366F1"
                  strokeLinecap="round"
                  strokeLinejoin="round"
                  strokeWidth={2}
                  viewBox="0 0 24 24"
                  width={20}
                >
                  <Circle
                    cx={12}
                    cy={12}
                    r={10}
                    stroke="#6366F1"
                    strokeWidth={2}
                  />
                  <Line
                    stroke="#6366F1"
                    strokeWidth={2}
                    x1={14.31}
                    x2={20.05}
                    y1={8}
                    y2={17.94}
                  />
                  <Line
                    stroke="#6366F1"
                    strokeWidth={2}
                    x1={9.69}
                    x2={21.17}
                    y1={8}
                    y2={8}
                  />
                  <Line
                    stroke="#6366F1"
                    strokeWidth={2}
                    x1={7.38}
                    x2={13.12}
                    y1={12}
                    y2={2.06}
                  />
                  <Line
                    stroke="#6366F1"
                    strokeWidth={2}
                    x1={9.69}
                    x2={3.95}
                    y1={16}
                    y2={6.06}
                  />
                  <Line
                    stroke="#6366F1"
                    strokeWidth={2}
                    x1={14.31}
                    x2={2.83}
                    y1={16}
                    y2={16}
                  />
                  <Line
                    stroke="#6366F1"
                    strokeWidth={2}
                    x1={16.62}
                    x2={10.88}
                    y1={12}
                    y2={21.94}
                  />
                </Svg>
              </View>
              <View
                style={
                  {
                    "flex": 1,
                  }
                }
              >
                <Text
                  style={
                    {
                      "color": "#F7F9FC",
                      "fontSize": 15,
                      "fontWeight": "600",
                      "lineHeight": 22,
                    }
                  }
                >
                  Camera
                </Text>
                <Text
                  style={
                    {
                      "color": "#677289",
                      "fontSize": 13,
                      "fontWeight": "400",
                      "lineHeight": 18,
                      "marginTop": 2,
                    }
                  }
                >
                  Tap to grant
                </Text>
              </View>
              <Svg
                accessibilityLabel="ChevronRight"
                fill="none"
                height={20}
                stroke="#677289"
                strokeLinecap="round"
                strokeLinejoin="round"
                strokeWidth={2}
                viewBox="0 0 24 24"
                width={20}
              >
                <Polyline
                  points="9 18 15 12 9 6"
                  stroke="#677289"
                  strokeWidth={2}
                />
              </Svg>
            </Animated.View>
          </Pressable>
          <View
            style={
              [
                {
                  "alignItems": "center",
                  "backgroundColor": "#12151B",
                  "borderColor": "#22272F",
                  "borderRadius": 10,
                  "borderWidth": 1,
                  "flexDirection": "row",
                  "gap": 12,
                  "paddingHorizontal": 16,
                  "paddingVertical": 16,
                },
                {
                  "marginTop": 12,
                },
              ]
            }
          >
            <View
              style={
                {
                  "alignItems": "center",
                  "backgroundColor": "rgba(99,102,241,0.16)",
                  "borderRadius": 9999,
                  "height": 40,
                  "justifyContent": "center",
                  "width": 40,
                }
              }
            >
              <Svg
                accessibilityLabel="MapPin"
                fill="none"
                height={20}
                stroke="#6366F1"
                strokeLinecap="round"
                strokeLinejoin="round"
                strokeWidth={2}
                viewBox="0 0 24 24"
                width={20}
              >
                <Path
                  d="M21 10c0 7-9 13-9 13s-9-6-9-13a9 9 0 0 1 18 0z"
                  stroke="#6366F1"
                  strokeWidth={2}
                />
                <Circle
                  cx={12}
                  cy={10}
                  r={3}
                  stroke="#6366F1"
                  strokeWidth={2}
                />
              </Svg>
            </View>
            <View
              style={
                {
                  "flex": 1,
                }
              }
            >
              <Text
                style={
                  {
                    "color": "#F7F9FC",
                    "fontSize": 15,
                    "fontWeight": "600",
                    "lineHeight": 22,
                  }
                }
              >
                Location
              </Text>
              <Text
                style={
                  {
                    "color": "#677289",
                    "fontSize": 13,
                    "fontWeight": "400",
                    "lineHeight": 18,
                    "marginTop": 2,
                  }
                }
              >
                Asked with camera
              </Text>
            </View>
            <Svg
              accessibilityLabel="ChevronRight"
              fill="none"
              height={20}
              stroke="#677289"
              strokeLinecap="round"
              strokeLinejoin="round"
              strokeWidth={2}
              viewBox="0 0 24 24"
              width={20}
            >
              <Polyline
                points="9 18 15 12 9 6"
                stroke="#677289"
                strokeWidth={2}
              />
            </Svg>
          </View>
        </View>
      </View>
      <Text
        style={
          {
            "color": "#F7F9FC",
            "fontSize": 32,
            "fontWeight": "700",
            "letterSpacing": -0.6,
            "lineHeight": 38,
            "marginBottom": 12,
          }
        }
      >
        Grant permissions
      </Text>
      <Text
        style={
          {
            "color": "#B4BCCC",
            "fontSize": 15,
            "fontWeight": "400",
            "lineHeight": 22,
            "marginBottom": 24,
          }
        }
      >
        We need two permissions to capture and tag photos. You can revoke either one later in Android Settings.
      </Text>
    </View>
  </Animated.ScrollView>
  <View
    style={
      [
        {
          "alignItems": "stretch",
          "gap": 16,
          "paddingHorizontal": 24,
          "paddingTop": 16,
        },
        {
          "paddingBottom": 16,
        },
      ]
    }
  >
    <View
      style={
        {
          "alignItems": "center",
          "flexDirection": "row",
          "gap": 4,
          "justifyContent": "center",
        }
      }
    >
      <Animated.View
        style={
          [
            {
              "borderRadius": 9999,
              "height": 4,
            },
            {
              "backgroundColor": "#6366F1",
            },
            {
              "opacity": 0,
              "width": 0,
            },
          ]
        }
      />
      <Animated.View
        style={
          [
            {
              "borderRadius": 9999,
              "height": 4,
            },
            {
              "backgroundColor": "#6366F1",
            },
            {
              "opacity": 0,
              "width": 0,
            },
          ]
        }
      />
      <Animated.View
        style={
          [
            {
              "borderRadius": 9999,
              "height": 4,
            },
            {
              "backgroundColor": "#6366F1",
            },
            {
              "opacity": 0,
              "width": 0,
            },
          ]
        }
      />
    </View>
  </View>
</View>
`;
