// Jest Snapshot v1, https://goo.gl/fbAQLP

exports[`OnboardingScreen matches the locked layout snapshot 1`] = `
<SafeAreaView
  style={
    {
      "backgroundColor": "#0E1116",
      "flex": 1,
    }
  }
>
  <ScrollView
    horizontal={true}
    onMomentumScrollEnd={[Function]}
    pagingEnabled={true}
    showsHorizontalScrollIndicator={false}
  >
    <View
      style={
        [
          {
            "justifyContent": "flex-start",
            "padding": 24,
            "paddingTop": 48,
          },
          {
            "width": 360,
          },
        ]
      }
    >
      <Text
        style={
          {
            "color": "#E6EAF0",
            "fontSize": 28,
            "fontWeight": "bold",
            "marginBottom": 16,
          }
        }
      >
        Welcome to FieldEdge
      </Text>
      <Text
        style={
          {
            "color": "#8B95A5",
            "fontSize": 16,
            "lineHeight": 24,
          }
        }
      >
        Offline-first AI for field documentation. Photos never leave your device until you tap Sync.
      </Text>
    </View>
    <View
      style={
        [
          {
            "justifyContent": "flex-start",
            "padding": 24,
            "paddingTop": 48,
          },
          {
            "width": 360,
          },
        ]
      }
    >
      <Text
        style={
          {
            "color": "#E6EAF0",
            "fontSize": 28,
            "fontWeight": "bold",
            "marginBottom": 16,
          }
        }
      >
        How it works
      </Text>
      <Text
        style={
          {
            "color": "#8B95A5",
            "fontSize": 16,
            "lineHeight": 24,
          }
        }
      >
        Every photo goes through this pipeline:
      </Text>
      <View
        style={
          {
            "gap": 12,
            "marginTop": 24,
          }
        }
      >
        <View
          style={
            {
              "alignItems": "flex-start",
              "flexDirection": "row",
              "gap": 8,
            }
          }
        >
          <Text
            style={
              {
                "color": "#00BFA6",
                "fontSize": 18,
                "lineHeight": 24,
              }
            }
          >
            •
          </Text>
          <Text
            style={
              {
                "color": "#E6EAF0",
                "flex": 1,
                "fontSize": 15,
                "lineHeight": 22,
              }
            }
          >
            Take a photo
          </Text>
        </View>
        <View
          style={
            {
              "alignItems": "flex-start",
              "flexDirection": "row",
              "gap": 8,
            }
          }
        >
          <Text
            style={
              {
                "color": "#00BFA6",
                "fontSize": 18,
                "lineHeight": 24,
              }
            }
          >
            •
          </Text>
          <Text
            style={
              {
                "color": "#E6EAF0",
                "flex": 1,
                "fontSize": 15,
                "lineHeight": 22,
              }
            }
          >
            On-device AI generates an embedding
          </Text>
        </View>
        <View
          style={
            {
              "alignItems": "flex-start",
              "flexDirection": "row",
              "gap": 8,
            }
          }
        >
          <Text
            style={
              {
                "color": "#00BFA6",
                "fontSize": 18,
                "lineHeight": 24,
              }
            }
          >
            •
          </Text>
          <Text
            style={
              {
                "color": "#E6EAF0",
                "flex": 1,
                "fontSize": 15,
                "lineHeight": 22,
              }
            }
          >
            Embedding is stored locally on your phone
          </Text>
        </View>
        <View
          style={
            {
              "alignItems": "flex-start",
              "flexDirection": "row",
              "gap": 8,
            }
          }
        >
          <Text
            style={
              {
                "color": "#00BFA6",
                "fontSize": 18,
                "lineHeight": 24,
              }
            }
          >
            •
          </Text>
          <Text
            style={
              {
                "color": "#E6EAF0",
                "flex": 1,
                "fontSize": 15,
                "lineHeight": 22,
              }
            }
          >
            Tap Sync to push the embedding to the cloud
          </Text>
        </View>
      </View>
    </View>
    <View
      style={
        [
          {
            "justifyContent": "flex-start",
            "padding": 24,
            "paddingTop": 48,
          },
          {
            "width": 360,
          },
        ]
      }
    >
      <Text
        style={
          {
            "color": "#E6EAF0",
            "fontSize": 28,
            "fontWeight": "bold",
            "marginBottom": 16,
          }
        }
      >
        Permissions
      </Text>
      <Text
        style={
          {
            "color": "#8B95A5",
            "fontSize": 16,
            "lineHeight": 24,
          }
        }
      >
        We need two permissions to do useful work. Grant lets the app open the camera and tag each photo with GPS. You can revoke either one later in Android Settings.
      </Text>
      <View
        style={
          {
            "gap": 12,
            "marginTop": 32,
          }
        }
      >
        <Pressable
          onPress={[Function]}
          style={
            [
              {
                "alignItems": "center",
                "borderRadius": 12,
                "paddingVertical": 14,
              },
              {
                "backgroundColor": "#00BFA6",
              },
              false,
            ]
          }
        >
          <Text
            style={
              {
                "color": "#fff",
                "fontSize": 16,
                "fontWeight": "600",
              }
            }
          >
            Grant camera + GPS
          </Text>
        </Pressable>
        <Pressable
          onPress={[Function]}
          style={
            [
              {
                "alignItems": "center",
                "borderRadius": 12,
                "paddingVertical": 14,
              },
              {
                "backgroundColor": "#1A1F26",
                "borderColor": "#00BFA6",
                "borderWidth": 1,
              },
            ]
          }
        >
          <Text
            style={
              {
                "color": "#fff",
                "fontSize": 16,
                "fontWeight": "600",
              }
            }
          >
            Get started
          </Text>
        </Pressable>
      </View>
    </View>
  </ScrollView>
  <View
    style={
      {
        "alignItems": "center",
        "flexDirection": "row",
        "justifyContent": "space-between",
        "paddingHorizontal": 24,
        "paddingVertical": 16,
      }
    }
  >
    <View
      style={
        {
          "flexDirection": "row",
          "gap": 6,
        }
      }
    >
      <View
        style={
          [
            {
              "backgroundColor": "#2A2F36",
              "borderRadius": 4,
              "height": 8,
              "width": 8,
            },
            {
              "backgroundColor": "#00BFA6",
            },
          ]
        }
      />
      <View
        style={
          [
            {
              "backgroundColor": "#2A2F36",
              "borderRadius": 4,
              "height": 8,
              "width": 8,
            },
            false,
          ]
        }
      />
      <View
        style={
          [
            {
              "backgroundColor": "#2A2F36",
              "borderRadius": 4,
              "height": 8,
              "width": 8,
            },
            false,
          ]
        }
      />
    </View>
    <Pressable
      onPress={[Function]}
    >
      <Text
        style={
          {
            "color": "#00BFA6",
            "fontSize": 14,
            "fontWeight": "600",
          }
        }
      >
        Next →
      </Text>
    </Pressable>
  </View>
</SafeAreaView>
`;
